// Jest Snapshot v1, https://goo.gl/fbAQLP

exports[`renders correctly 1`] = `
<nav
  className="nav"
>
  <h1>
    Math Magician
  </h1>
  <ul
    className="nav-ul"
  >
    <a
      href="/home"
      onClick={[Function]}
      style={
        Object {
          "color": "white",
          "textDecoration": "none",
        }
      }
    >
      <li>
        Home
      </li>
    </a>
    <a
      href="/calculator"
      onClick={[Function]}
      style={
        Object {
          "color": "white",
          "textDecoration": "none",
        }
      }
    >
      <li>
        Calculator
      </li>
    </a>
    <a
      href="/quote"
      onClick={[Function]}
      style={
        Object {
          "color": "white",
          "textDecoration": "none",
        }
      }
    >
      <li>
        Quotes
      </li>
    </a>
  </ul>
</nav>
`;
