// Jest Snapshot v1, https://goo.gl/fbAQLP

exports[`renders correctly 1`] = `
<div
  className="quote"
>
  <p>
    Mathematics is not about numbers,equation,computations,or algorithms : It is about understanding.-William Paul Thurston
  </p>
</div>
`;
